ParOpt Warning: Variables may be too close to lower bound
ParOpt Warning: Variables may be too close to upper bound
ParOpt Warning: Variables may be too close to lower bound
ParOpt Warning: Variables may be too close to upper bound
ParOptInteriorPoint Parameter Summary:
algorithm                                mma            
mma_asymptote_contract                   0.7            
mma_asymptote_relax                      1.2            
mma_infeas_tol                           0              
mma_init_asymptote_offset                0.5            
mma_l1_tol                               0              
mma_linfty_tol                           0              
mma_max_iterations                       400            
mma_output_file                                         
penalty_gamma                            1000           
use_diag_hessian                         True           
use_line_search                          False          
MatInfo: nblock: 0

iter nobj ngrd nhvc   alpha   alphx   alphz         fobj   |opt| |infes|  |dual|      mu    comp   dmerit     rho info
   0    1    1    0      --      --      --  2.76400e-01 5.3e+02 4.7e+02 5.4e+05 8.1e+01 8.1e+01       --      -- 
   1    2    2    0 1.0e+00 1.1e-03 1.1e-01  4.82588e-01 5.1e+02 4.7e+02 5.4e+05 8.1e+01 9.0e+01 -5.8e+09 0.0e+00 
   2    3    3    0 1.0e+00 2.1e-01 1.0e+00  2.90482e-01 2.0e+03 3.7e+02 4.3e+05 8.1e+01 1.6e+02 -1.1e+07 0.0e+00 
   3    4    4    0 1.0e+00 9.5e-01 1.0e+00  3.61235e-01 4.4e+01 1.9e+01 2.2e+04 8.1e+01 8.7e+01 -4.9e+06 0.0e+00 
   4    5    5    0 1.0e+00 9.4e-01 1.0e+00  3.71463e-01 8.7e-01 1.1e+00 1.4e+03 8.1e+01 8.1e+01 -6.7e+04 0.0e+00 
   5    6    6    0 1.0e+00 8.8e-01 1.0e+00  3.65450e-01 2.0e+00 1.3e-01 2.9e+02 2.0e+01 8.1e+01 -2.9e+03 0.0e+00 
   6    7    7    0 1.0e+00 9.7e-01 1.0e+00  4.06587e-01 1.0e+01 3.5e-03 5.3e+01 5.0e+00 2.0e+01 -3.6e+02 0.0e+00 
   7    8    8    0 1.0e+00 1.0e+00 1.0e+00  8.25123e-01 2.2e+01 8.6e-03 1.5e+01 1.3e+00 5.0e+00 -4.9e+01 0.0e+00 
   8    9    9    0 1.0e+00 9.1e-01 1.0e+00  1.54510e+00 2.9e+01 1.5e-03 3.4e+00 1.3e+00 1.3e+00 -1.2e+01 0.0e+00 
   9   10   10    0 1.0e+00 1.0e+00 1.0e+00  1.61119e+00 3.9e-01 7.5e-04 1.5e+00 3.1e-01 1.3e+00 -1.4e+01 0.0e+00 

iter nobj ngrd nhvc   alpha   alphx   alphz         fobj   |opt| |infes|  |dual|      mu    comp   dmerit     rho info
  10   11   11    0 1.0e+00 9.8e-01 1.0e+00  1.86582e+00 3.8e+00 5.3e-04 2.1e-01 3.1e-01 3.1e-01 -1.2e+01 0.0e+00 
  11   12   12    0 1.0e+00 6.8e-01 1.0e+00  1.81165e+00 3.5e+00 1.8e-04 2.9e-01 3.1e-01 3.1e-01 -1.3e-01 0.0e+00 
  12   13   13    0 1.0e+00 1.0e+00 1.0e+00  1.66713e+00 1.7e+00 4.0e-06 2.6e-01 7.9e-02 3.1e-01 -3.8e+00 0.0e+00 
  13   14   14    0 1.0e+00 7.5e-01 7.9e-01  1.56323e+00 2.3e+00 6.2e-06 5.9e-02 7.9e-02 1.3e-01 -6.1e-01 0.0e+00 
  14   15   15    0 1.0e+00 1.0e+00 1.0e+00  1.28383e+00 7.4e+00 4.0e-05 3.2e-02 7.9e-02 7.9e-02 -3.7e-01 0.0e+00 
  15   16   16    0 1.0e+00 1.0e+00 1.0e+00  1.21936e+00 3.3e-01 4.0e-06 5.9e-02 2.0e-02 7.9e-02 -7.8e-03 0.0e+00 
  16   17   17    0 1.0e+00 1.0e+00 7.5e-01  9.90216e-01 1.0e+00 9.0e-05 1.7e-02 2.0e-02 3.5e-02 -3.2e-01 0.0e+00 
  17   18   18    0 1.0e+00 1.0e+00 1.0e+00  8.42339e-01 2.2e+00 9.2e-05 5.9e-03 2.0e-02 2.0e-02 -9.3e-02 0.0e+00 
  18   19   19    0 1.0e+00 1.0e+00 1.0e+00  7.94198e-01 1.8e-01 1.7e-05 1.5e-02 4.9e-03 2.0e-02 -6.9e-03 0.0e+00 
  19   20   20    0 1.0e+00 1.0e+00 8.8e-01  6.53240e-01 1.5e+00 2.7e-04 4.8e-03 4.9e-03 6.6e-03 -1.6e-01 0.0e+00 

iter nobj ngrd nhvc   alpha   alphx   alphz         fobj   |opt| |infes|  |dual|      mu    comp   dmerit     rho info
  20   21   21    0 1.0e+00 1.0e+00 1.0e+00  5.69877e-01 6.8e-01 2.4e-04 1.2e-03 4.9e-03 4.9e-03 -4.7e-02 0.0e+00 
  21   22   22    0 1.0e+00 1.0e+00 1.0e+00  5.48793e-01 3.2e-02 2.7e-05 3.7e-03 1.2e-03 4.9e-03 -1.7e-03 0.0e+00 
  22   23   23    0 1.0e+00 1.0e+00 9.8e-01  4.68925e-01 7.9e-01 6.3e-04 1.2e-03 1.2e-03 1.3e-03 -7.8e-02 0.0e+00 
  23   24   24    0 1.0e+00 1.0e+00 1.0e+00  4.20424e-01 2.3e-01 5.6e-04 2.2e-04 1.2e-03 1.2e-03 -2.5e-02 0.0e+00 
  24   25   25    0 1.0e+00 1.0e+00 1.0e+00  4.13237e-01 2.0e-03 2.4e-05 9.2e-04 3.1e-04 1.2e-03 -1.2e-03 0.0e+00 
  25   26   26    0 1.0e+00 1.0e+00 1.0e+00  3.66947e-01 3.4e-01 1.2e-03 2.3e-04 3.1e-04 3.1e-04 -4.2e-02 0.0e+00 
  26   27   27    0 1.0e+00 1.0e+00 1.0e+00  3.38823e-01 8.1e-02 1.0e-03 2.9e-05 3.1e-04 3.1e-04 -1.3e-02 0.0e+00 
  27   28   28    0 1.0e+00 1.0e+00 1.0e+00  3.36446e-01 2.1e-04 1.9e-05 2.3e-04 7.7e-05 3.1e-04 -8.7e-04 0.0e+00 
  28   29   29    0 1.0e+00 1.0e+00 1.0e+00  3.08705e-01 1.5e-01 2.0e-03 4.2e-05 7.7e-05 7.8e-05 -2.4e-02 0.0e+00 
  29   30   30    0 1.0e+00 1.0e+00 1.0e+00  2.92375e-01 2.9e-02 1.4e-03 3.7e-06 7.7e-05 7.7e-05 -7.1e-03 0.0e+00 

iter nobj ngrd nhvc   alpha   alphx   alphz         fobj   |opt| |infes|  |dual|      mu    comp   dmerit     rho info
  30   31   31    0 1.0e+00 1.0e+00 1.0e+00  2.91546e-01 1.1e-04 1.6e-05 5.8e-05 1.9e-05 7.7e-05 -5.8e-04 0.0e+00 
  31   32   32    0 1.0e+00 1.0e+00 1.0e+00  2.74565e-01 6.6e-02 2.5e-03 1.1e-05 1.9e-05 2.0e-05 -1.4e-02 0.0e+00 
  32   33   33    0 1.0e+00 1.0e+00 1.0e+00  2.65103e-01 9.2e-03 1.4e-03 8.8e-07 1.9e-05 1.9e-05 -3.9e-03 0.0e+00 
  33   34   34    0 1.0e+00 1.0e+00 1.0e+00  2.64818e-01 1.9e-05 1.0e-05 1.4e-05 4.8e-06 1.9e-05 -3.2e-04 0.0e+00 
  34   35   35    0 1.0e+00 1.0e+00 1.0e+00  2.54446e-01 2.4e-02 2.2e-03 2.7e-06 4.8e-06 5.1e-06 -8.3e-03 0.0e+00 
  35   36   36    0 1.0e+00 1.0e+00 1.0e+00  2.49467e-01 1.7e-03 7.3e-04 1.5e-07 4.8e-06 4.9e-06 -1.9e-03 0.0e+00 
  36   37   37    0 1.0e+00 1.0e+00 1.0e+00  2.49349e-01 9.1e-07 3.3e-06 3.6e-06 1.2e-06 4.8e-06 -1.2e-04 0.0e+00 
  37   38   38    0 1.0e+00 1.0e+00 1.0e+00  2.43697e-01 5.8e-03 1.1e-03 6.8e-07 1.2e-06 1.3e-06 -4.5e-03 0.0e+00 
  38   39   39    0 1.0e+00 1.0e+00 1.0e+00  2.41927e-01 1.4e-04 1.6e-04 4.0e-08 1.2e-06 1.2e-06 -5.8e-04 0.0e+00 
  39   40   40    0 1.0e+00 1.0e+00 1.0e+00  2.41878e-01 7.3e-09 4.6e-07 9.0e-07 3.0e-07 1.2e-06 -2.2e-05 0.0e+00 

iter nobj ngrd nhvc   alpha   alphx   alphz         fobj   |opt| |infes|  |dual|      mu    comp   dmerit     rho info
  40   41   41    0 1.0e+00 1.0e+00 1.0e+00  2.39562e-01 7.9e-04 2.7e-04 1.7e-07 3.0e-07 3.3e-07 -1.8e-03 0.0e+00 
  41   42   42    0 1.0e+00 1.0e+00 1.0e+00  2.39183e-01 4.7e-06 1.6e-05 1.4e-08 3.0e-07 3.0e-07 -8.0e-05 0.0e+00 
  42   43   43    0 1.0e+00 1.0e+00 1.0e+00  2.39171e-01 1.1e-09 4.9e-08 2.0e-07 1.0e-07 3.0e-07 -2.0e-06 0.0e+00 

ParOpt: Successfully converged to requested tolerance
